
> it-asset-tracking-backend@1.0.0 dev
> nodemon server.js

[33m[nodemon] 3.1.11[39m
[33m[nodemon] to restart at any time, enter `rs`[39m
[33m[nodemon] watching path(s): server.js routes\**\* controllers\**\* models\**\* middleware\**\* config\**\* utils\**\* .env[39m
[33m[nodemon] watching extensions: js,json[39m
[32m[nodemon] starting `node server.js`[39m
🔍 ENV DEBUG:
ENV file path: c:\it asset\backend\.env
ENV file exists: true
ENV file content:
 NODE_ENV=development
MONGO_URI=mongodb://localhost:27017/project2
JWT_SECRET=secret123
JWT_EXPIRE=30d

Dotenv parsed: {
  NODE_ENV: 'development',
  MONGO_URI: 'mongodb://localhost:27017/project2',
  JWT_SECRET: 'secret123',
  JWT_EXPIRE: '30d'
}
Process MONGO_URI: mongodb://localhost:27017/project2
================================

Attempting to connect to: mongodb://localhost:27017/project2
MongoDB Connected: localhost
Server running in development mode on port 5000
[32m[nodemon] restarting due to changes...[39m
[32m[nodemon] starting `node server.js`[39m
Attempting to connect to: mongodb://localhost:27017/project2
MongoDB Connected: localhost
Server running in development mode on port 5000
